// Jest Snapshot v1, https://goo.gl/fbAQLP

exports[`can generate v3 enum 1`] = `
"
/// <summary>
/// The episodes in the Star Wars trilogy
/// </summary>
public enum Episode
{
    
    /// <summary>
    /// Star Wars Episode IV: A New Hope, released in 1977.
    /// </summary>
    NEWHOPE,
    
    /// <summary>
    /// Star Wars Episode V: The Empire Strikes Back, released in 1980.
    /// </summary>
    EMPIRE,
    
    /// <summary>
    /// Star Wars Episode VI: Return of the Jedi, released in 1983.
    /// </summary>
    JEDI
}
"
`;
