// Jest Snapshot v1, https://goo.gl/fbAQLP

exports[`can generate input types for various default values 1`] = `
"

public class RandomInput
{
    public string? id { get; set; } = System.Text.Json.JsonSerializer.Deserialize<string?>(\\"\\\\\\"foo\\\\\\"\\");
    public int? i { get; set; } = 15;
    public double? f { get; set; } = 2.5;
    public bool? b { get; set; } = true;
    public IEnumerable<int>? l { get; set; } = System.Text.Json.JsonSerializer.Deserialize<IEnumerable<int>?>(\\"[5,4,3]\\");
    public string? s { get; set; } = \\"evil\\\\\\"\\\\\\\\\\\\\\"string\\\\\\\\\\";
    public ColorInput? o { get; set; } = System.Text.Json.JsonSerializer.Deserialize<ColorInput?>(\\"{\\\\\\"red\\\\\\":255,\\\\\\"green\\\\\\":255,\\\\\\"blue\\\\\\":255}\\");
    public ColorInput? n { get; set; }
}
"
`;

exports[`can generate input types from v3 1`] = `
"
/// <summary>
/// The input object sent when someone is creating a new review
/// </summary>
public class ReviewInput
{
    
      /// <summary>
      /// 0-5 stars
      /// </summary>
      public int stars { get; set; }
    
      /// <summary>
      /// Comment about the movie, optional
      /// </summary>
      public string? commentary { get; set; }
    
      /// <summary>
      /// Favorite color, optional
      /// </summary>
      public ColorInput? favorite_color { get; set; }
}
"
`;
