// Jest Snapshot v1, https://goo.gl/fbAQLP

exports[`can parse graphql v3 schemas 1`] = `
Array [
  "Query",
  "Episode",
  "Character",
  "ID",
  "String",
  "Int",
  "FriendsConnection",
  "FriendsEdge",
  "PageInfo",
  "Boolean",
  "Review",
  "SearchResult",
  "Human",
  "LengthUnit",
  "Float",
  "Starship",
  "Droid",
  "Mutation",
  "ReviewInput",
  "ColorInput",
  "Subscription",
  "__Schema",
  "__Type",
  "__TypeKind",
  "__Field",
  "__InputValue",
  "__EnumValue",
  "__Directive",
  "__DirectiveLocation",
]
`;

exports[`can parse graphql v4 schemas 1`] = `
Array [
  "Root",
  "String",
  "Int",
  "FilmsConnection",
  "PageInfo",
  "Boolean",
  "FilmsEdge",
  "Film",
  "Node",
  "ID",
  "FilmSpeciesConnection",
  "FilmSpeciesEdge",
  "Species",
  "Float",
  "Planet",
  "PlanetResidentsConnection",
  "PlanetResidentsEdge",
  "Person",
  "PersonFilmsConnection",
  "PersonFilmsEdge",
  "PersonStarshipsConnection",
  "PersonStarshipsEdge",
  "Starship",
  "StarshipPilotsConnection",
  "StarshipPilotsEdge",
  "StarshipFilmsConnection",
  "StarshipFilmsEdge",
  "PersonVehiclesConnection",
  "PersonVehiclesEdge",
  "Vehicle",
  "VehiclePilotsConnection",
  "VehiclePilotsEdge",
  "VehicleFilmsConnection",
  "VehicleFilmsEdge",
  "PlanetFilmsConnection",
  "PlanetFilmsEdge",
  "SpeciesPeopleConnection",
  "SpeciesPeopleEdge",
  "SpeciesFilmsConnection",
  "SpeciesFilmsEdge",
  "FilmStarshipsConnection",
  "FilmStarshipsEdge",
  "FilmVehiclesConnection",
  "FilmVehiclesEdge",
  "FilmCharactersConnection",
  "FilmCharactersEdge",
  "FilmPlanetsConnection",
  "FilmPlanetsEdge",
  "PeopleConnection",
  "PeopleEdge",
  "PlanetsConnection",
  "PlanetsEdge",
  "SpeciesConnection",
  "SpeciesEdge",
  "StarshipsConnection",
  "StarshipsEdge",
  "VehiclesConnection",
  "VehiclesEdge",
  "__Schema",
  "__Type",
  "__TypeKind",
  "__Field",
  "__InputValue",
  "__EnumValue",
  "__Directive",
  "__DirectiveLocation",
]
`;
